---
source: tests/integration/jig/cover.rs
expression: body.jig.modules

---
[
  {
    "id": "[id]",
    "kind": "Cover"
  },
  {
    "id": "[id]",
    "kind": "TappingBoard"
  }
]
