---
source: tests/integration/jig/cover.rs
expression: body.jig.modules

---
[
  {
    "kind": "Cover"
  }
]
