---
source: tests/integration/jig/additional_resource.rs
expression: body

---
{
  "displayName": "link test",
  "resourceTypeId": "a91aca34-519e-11ec-ab46-175eaaf1ff23",
  "link": "url://url.url.url/urlese"
}
