---
source: tests/integration/jig.rs
expression: body

---
{
  "id": "0cc084bc-7c83-11eb-9f77-e3218dffb008",
  "publishedAt": null,
  "creatorId": "1f241e1b-b537-493f-a230-075cb16315be",
  "authorId": "1f241e1b-b537-493f-a230-075cb16315be",
  "authorName": "Bobby Tables",
  "likes": 0,
  "plays": 0,
  "firstCoverAssigned": false,
  "jigData": {
    "draftOrLive": "Live",
    "displayName": "name",
    "modules": [
      {
        "id": "a6b248f8-1dd7-11ec-8426-975953035335",
        "kind": "Cover"
      },
      {
        "id": "a6b24970-1dd7-11ec-8426-57136b411853",
        "kind": "Flashcards"
      },
      {
        "id": "a6b249c0-1dd7-11ec-8426-f77e58fd17c6",
        "kind": "Memory"
      }
    ],
    "ageRanges": [],
    "affiliations": [],
    "goals": [],
    "language": "en",
    "categories": [],
    "additionalResources": [
      "a91aca34-519e-11ec-ab46-175eaaf1ff23",
      "a91aca34-519e-11ec-ab46-175eaaf1ff23"
    ],
    "description": "test description",
    "lastEdited": "[last_edited]",
    "defaultPlayerSettings": {
      "direction": "ltr",
      "displayScore": true,
      "trackAssessments": true,
      "dragAssist": true
    },
    "theme": "Blank",
    "audioBackground": null,
    "audioEffects": {
      "feedbackPositive": "[audio]",
      "feedbackNegative": "[audio]"
    },
    "privacyLevel": "public"
  }
}
