---
source: tests/integration/image.rs
expression: body

---
{
  "metadata": {
    "id": "3095d05e-f2c7-11ea-89c3-3b621dd74a1f",
    "name": "test",
    "description": "testest",
    "is_premium": false,
    "kind": "Canvas",
    "publish_at": null,
    "styles": [],
    "tags": [
      "591a2a64-a3a4-11eb-96e7-6bc0e819bc5f",
      "5b032222-a3a4-11eb-96e7-dbc5742f1640"
    ],
    "age_ranges": [],
    "affiliations": [],
    "categories": [],
    "created_at": "2020-09-09T18:06:31.575087Z",
    "updated_at": "[timestamp]"
  }
}
