---
source: tests/integration/jig.rs
expression: body

---
{
  "jig": {
    "id": "0cc084bc-7c83-11eb-9f77-e3218dffb008",
    "display_name": null,
    "modules": [
      {
        "kind": "Cover"
      },
      {
        "kind": null
      }
    ],
    "content_types": [],
    "creator_id": "1f241e1b-b537-493f-a230-075cb16315be",
    "author_id": "1f241e1b-b537-493f-a230-075cb16315be",
    "publish_at": null
  }
}
